[crescimentocapilarsos.paginadoproduto.com.br/index.html]
[backblue.gif]
[fade.gif]
[index.html]
[crescimentocapilarsos.paginadoproduto.com.br/i.html]
[soscrescimento.com.br/wp-content/plugins/elementor/assets/css/frontend.min0d09.css]
[soscrescimento.com.br/wp-content/uploads/elementor/css/post-5a9c6.css]
[soscrescimento.com.br/wp-content/cache/min/1/wp-content/plugins/elementor/assets/lib/eicons/css/elementor-icons.min9407.css]
[soscrescimento.com.br/wp-content/cache/min/1/wp-content/plugins/elementor/assets/lib/font-awesome/css/all.min9407.css]
[soscrescimento.com.br/wp-content/plugins/elementor/assets/lib/font-awesome/css/v4-shims.min0d09.css]
[soscrescimento.com.br/wp-content/plugins/elementor/assets/css/widget-heading.min0d09.css]
[soscrescimento.com.br/wp-content/plugins/elementor/assets/css/widget-image.min0d09.css]
[soscrescimento.com.br/wp-content/plugins/elementor/assets/css/widget-icon-list.min0d09.css]
[soscrescimento.com.br/wp-content/plugins/elementor/assets/css/conditionals/shapes.min0d09.css]
[soscrescimento.com.br/wp-content/plugins/elementor/assets/css/widget-video.min0d09.css]
[soscrescimento.com.br/wp-content/cache/min/1/wp-content/plugins/elementor/assets/lib/swiper/v8/css/swiper.min9407.css]
[soscrescimento.com.br/wp-content/plugins/elementor/assets/css/conditionals/e-swiper.min0d09.css]
[soscrescimento.com.br/wp-content/plugins/elementor/assets/css/widget-image-carousel.min0d09.css]
[soscrescimento.com.br/wp-content/plugins/elementor/assets/css/widget-icon-box.min0d09.css]
[soscrescimento.com.br/wp-content/plugins/elementor-pro/assets/css/modules/motion-fx.min0d09.css]
[soscrescimento.com.br/wp-content/plugins/elementor/assets/lib/animations/styles/bounceIn.min0d09.css]
[soscrescimento.com.br/wp-content/plugins/elementor/assets/css/widget-counter.min0d09.css]
[soscrescimento.com.br/wp-content/plugins/elementor-pro/assets/css/widget-nested-carousel.min0d09.css]
[soscrescimento.com.br/wp-content/plugins/elementor/assets/css/widget-toggle.min0d09.css]
[soscrescimento.com.br/wp-content/uploads/elementor/css/post-55309407.css]
[soscrescimento.com.br/wp-content/cache/min/1/wp-content/plugins/happy-elementor-addons/assets/fonts/style.min9407.css]
[soscrescimento.com.br/wp-content/cache/min/1/wp-content/plugins/elementor/assets/lib/font-awesome/css/font-awesome.min9407.css]
[soscrescimento.com.br/wp-content/plugins/wp-rocket/assets/img/youtube.png]
[soscrescimento.com.br/wp-content/cache/min/1/wp-content/uploads/elementor/google-fonts/css/roboto50a4.css]
[soscrescimento.com.br/wp-content/cache/min/1/wp-content/uploads/elementor/google-fonts/css/robotoslab50a4.css]
[soscrescimento.com.br/wp-content/cache/min/1/wp-content/uploads/elementor/google-fonts/css/sora50a4.css]
[soscrescimento.com.br/wp-content/cache/min/1/wp-content/uploads/elementor/google-fonts/css/montserrat50a4.css]
[soscrescimento.com.br/wp-content/plugins/elementor/assets/lib/font-awesome/css/fontawesome.min52d5.css]
[soscrescimento.com.br/wp-content/cache/min/1/wp-content/plugins/elementor/assets/lib/font-awesome/css/solid.min50a4.css]
[soscrescimento.com.br/wp-content/cache/min/1/wp-content/plugins/elementor/assets/lib/font-awesome/css/brands.min50a4.css]
[analytics.tiktok.com/i18n/pixel/events.js]
[soscrescimento.com.br/wp-content/uploads/2021/10/cropped-LOGO-FIVICON-32x32.png]
[soscrescimento.com.br/wp-content/uploads/2021/10/cropped-LOGO-FIVICON-192x192.png]
[soscrescimento.com.br/wp-content/uploads/2021/10/cropped-LOGO-FIVICON-180x180.png]
[connect.facebook.net/en_US/fbevents.js]
[cdnjs.cloudflare.com/ajax/libs/font-awesome/5.15.4/css/all.min.css]
[crescimentocapilarsos.paginadoproduto.com.br/fonts/external/elementor-icons.min.css]
[soscrescimento.com.br/wp-content/uploads/2024/02/logo-lizzante-oficial.png]
[soscrescimento.com.br/wp-content/uploads/2024/02/imagem-site-2024-2.png]
[soscrescimento.com.br/wp-content/uploads/2024/02/WhatsApp-Image-2022-08-16-at-14.27.06.jpg]
[soscrescimento.com.br/wp-content/uploads/2024/02/WhatsApp-Image-2022-08-16-at-14.27.07.jpg]
[soscrescimento.com.br/wp-content/uploads/2024/02/WhatsApp-Image-2022-08-16-at-14.27.08-1.jpg]
[soscrescimento.com.br/wp-content/uploads/2024/02/WhatsApp-Image-2022-08-16-at-14.27.08.jpg]
[soscrescimento.com.br/wp-content/uploads/2024/02/WhatsApp-Image-2022-08-16-at-14.27.09.jpg]
[soscrescimento.com.br/wp-content/uploads/2024/02/WhatsApp-Image-2022-08-16-at-14.31.30.jpg]
[soscrescimento.com.br/wp-content/uploads/2024/02/lizz-ante-sos-crescimento-banner-anvisa-mobile.png]
[soscrescimento.com.br/wp-content/uploads/2024/02/lizz-ante-sos-crescimento-banner-anvisa-desktop-1536x211.png]
[soscrescimento.com.br/wp-content/uploads/2024/02/r7-soscrescimento.png]
[soscrescimento.com.br/wp-content/uploads/2024/02/estadao-soscrescimento.png]
[soscrescimento.com.br/wp-content/uploads/2024/02/agencia-oglobo-soscrescimento.png]
[soscrescimento.com.br/wp-content/uploads/2024/02/ert-1024x880.png]
[soscrescimento.com.br/wp-content/uploads/elementor/thumbs/WhatsApp-Image-2022-03-17-at-21.13.43-qk58zxqrnm6xcqfd03ngi9i0m3y3knkpbtmzmgnc44.jpg]
[soscrescimento.com.br/wp-content/uploads/elementor/thumbs/Screenshot_20211008_081644-qk58zyolug87ocdzum232r9h7htgscofnyah3qlxxw.jpg]
[soscrescimento.com.br/wp-content/uploads/elementor/thumbs/Screenshot_20211007_154731-qk58zzmg1a9hzycmp4gpn90xsvou01s602xyl0kjro.jpg]
[soscrescimento.com.br/wp-content/uploads/elementor/thumbs/Screenshot_20211007_103641-qk58zzmg1a9hzycmp4gpn90xsvou01s602xyl0kjro.jpg]
[soscrescimento.com.br/wp-content/uploads/elementor/thumbs/Screenshot_20211007_165918-qk5900ka84asbkb9jmvc7qsee9k77qvwc7lg2aj5lg.jpg]
[soscrescimento.com.br/wp-content/uploads/elementor/thumbs/Screenshot_20211006_172041-qk5901i4eyc2n69we59ys8juznfkffzmoc8xjkhrf8.jpg]
[soscrescimento.com.br/wp-content/uploads/elementor/thumbs/Screenshot_20211007_100401-qk5901i4eyc2n69we59ys8juznfkffzmoc8xjkhrf8.jpg]
[soscrescimento.com.br/wp-content/uploads/elementor/thumbs/Picsart_22-04-30_20-14-32-955-scaled-1-qk5902fylsdcys8j8nolcqbbl1axn53d0gwf0ugd90.jpg]
[soscrescimento.com.br/wp-content/uploads/elementor/thumbs/WhatsApp-Image-2022-08-19-at-10.02.46-qk59059h6ah7xm4fs6wh27lpd6x1a8ek0uuvgoc6qc.jpg]
[soscrescimento.com.br/wp-content/uploads/elementor/thumbs/WhatsApp-Image-2022-08-19-at-09.47.35-qk59059h6ah7xm4fs6wh27lpd6x1a8ek0uuvgoc6qc.jpg]
[soscrescimento.com.br/wp-content/uploads/2024/02/medicos-scaled-1-1024x576.jpg]
[soscrescimento.com.br/wp-content/uploads/elementor/thumbs/logo-whatsapp-1024-qk590bu93c1zvrdpg4gzuxfh4c9nk8f1s558p59t60.png]
[soscrescimento.com.br/wp-content/uploads/2024/02/garantia-60dbr-1024x886-1.png]
[soscrescimento.com.br/wp-content/uploads/2024/02/cropped-logo-lizzante-oficial.png]
[soscrescimento.com.br/wp-content/uploads/2024/02/pagamento-icone-soscrescimento.png]
[soscrescimento.com.br/wp-content/uploads/2024/02/site-seguro-lizzante-soscrescimento.png]
[soscrescimento.com.br/wp-content/plugins/wp-rocket/assets/js/lazyload/17.8.3/lazyload.min.js]
[crescimentocapilarsos.paginadoproduto.com.br/index.html]
[crescimentocapilarsos.paginadoproduto.com.br/i.html]
[crescimentocapilarsos.paginadoproduto.com.br/Firefox/index.html]
[soscrescimento.com.br/wp-content/themes/hello-elementor/style.min5589.html]
[soscrescimento.com.br/wp-content/themes/hello-elementor/theme.min5589.html]
[soscrescimento.com.br/wp-content/themes/hello-elementor/header-footer.min5589.html]
[soscrescimento.com.br/wp-content/plugins/elementor/assets/css/frontend.min0d09.css]
[soscrescimento.com.br/wp-content/uploads/elementor/css/post-5a9c6.css]
[soscrescimento.com.br/wp-content/cache/min/1/wp-content/plugins/elementor/assets/lib/eicons/css/elementor-icons.min9407.css]
[soscrescimento.com.br/wp-content/cache/min/1/wp-content/plugins/elementor/assets/lib/font-awesome/css/all.min9407.css]
[soscrescimento.com.br/wp-content/plugins/elementor/assets/lib/font-awesome/css/v4-shims.min0d09.css]
[soscrescimento.com.br/wp-content/plugins/elementor/assets/css/widget-heading.min0d09.css]
[soscrescimento.com.br/wp-content/plugins/elementor/assets/css/widget-image.min0d09.css]
[soscrescimento.com.br/wp-content/plugins/elementor/assets/css/widget-icon-list.min0d09.css]
[soscrescimento.com.br/wp-content/plugins/elementor/assets/css/conditionals/shapes.min0d09.css]
[soscrescimento.com.br/wp-content/plugins/elementor/assets/css/widget-video.min0d09.css]
[soscrescimento.com.br/wp-content/cache/min/1/wp-content/plugins/elementor/assets/lib/swiper/v8/css/swiper.min9407.css]
[soscrescimento.com.br/wp-content/plugins/elementor/assets/css/conditionals/e-swiper.min0d09.css]
[soscrescimento.com.br/wp-content/plugins/elementor/assets/css/widget-image-carousel.min0d09.css]
[soscrescimento.com.br/wp-content/plugins/elementor/assets/css/widget-icon-box.min0d09.css]
[soscrescimento.com.br/wp-content/plugins/elementor-pro/assets/css/modules/motion-fx.min0d09.css]
[soscrescimento.com.br/wp-content/plugins/elementor/assets/lib/animations/styles/bounceIn.min0d09.css]
[soscrescimento.com.br/wp-content/plugins/elementor/assets/lib/animations/styles/fadeInLeft.min0d09.css]
[soscrescimento.com.br/wp-content/plugins/elementor/assets/css/widget-counter.min0d09.css]
[soscrescimento.com.br/wp-content/plugins/elementor/assets/lib/animations/styles/fadeInUp.min0d09.css]
[soscrescimento.com.br/wp-content/plugins/elementor-pro/assets/css/widget-nested-carousel.min0d09.css]
[soscrescimento.com.br/wp-content/plugins/elementor/assets/css/widget-menu-anchor.min0d09.css]
[soscrescimento.com.br/wp-content/plugins/elementor/assets/css/widget-toggle.min0d09.css]
[crescimentocapilarsos.paginadoproduto.com.br/Firefox.html]
[soscrescimento.com.br/wp-content/uploads/2024/02/background-secao-lizzante-1-1.jpg]
[soscrescimento.com.br/wp-content/uploads/2022/10/redground-1.jpg]
[soscrescimento.com.br/wp-content/uploads/elementor/css/post-55309407.css]
[soscrescimento.com.br/wp-content/cache/min/1/wp-content/plugins/happy-elementor-addons/assets/fonts/style.min9407.css]
[soscrescimento.com.br/wp-content/cache/min/1/wp-content/plugins/elementor/assets/lib/font-awesome/css/font-awesome.min9407.css]
[soscrescimento.com.br/wp-content/cache/min/1/wp-content/uploads/elementor/google-fonts/css/roboto50a4.css]
[soscrescimento.com.br/wp-content/cache/min/1/wp-content/uploads/elementor/google-fonts/css/robotoslab50a4.css]
[soscrescimento.com.br/wp-content/cache/min/1/wp-content/uploads/elementor/google-fonts/css/sora50a4.css]
[soscrescimento.com.br/wp-content/cache/min/1/wp-content/uploads/elementor/google-fonts/css/montserrat50a4.css]
[soscrescimento.com.br/wp-content/plugins/elementor/assets/lib/font-awesome/css/fontawesome.min52d5.css]
[soscrescimento.com.br/wp-content/cache/min/1/wp-content/plugins/elementor/assets/lib/font-awesome/css/solid.min50a4.css]
[soscrescimento.com.br/wp-content/cache/min/1/wp-content/plugins/elementor/assets/lib/font-awesome/css/brands.min50a4.css]
[www.googletagmanager.com/gtm5445.html]
[crescimentocapilarsos.paginadoproduto.com.br/a.html]
[crescimentocapilarsos.paginadoproduto.com.br/POST.html]
[crescimentocapilarsos.paginadoproduto.com.br/b.html]
[crescimentocapilarsos.paginadoproduto.com.br/d.html]
[crescimentocapilarsos.paginadoproduto.com.br/signals/iwl.js]
[crescimentocapilarsos.paginadoproduto.com.br/c.html]
[connect.facebook.net/en_US/fbevents.js]
[cdnjs.cloudflare.com/ajax/libs/font-awesome/5.15.4/css/all.min.css]
[crescimentocapilarsos.paginadoproduto.com.br/c-2.html]
[crescimentocapilarsos.paginadoproduto.com.br/fonts/external/eicons.woff2]
[crescimentocapilarsos.paginadoproduto.com.br/fonts/external/eicons.eot]
[crescimentocapilarsos.paginadoproduto.com.br/fonts/external/eicons.woff]
[crescimentocapilarsos.paginadoproduto.com.br/fonts/external/eicons.ttf]
[crescimentocapilarsos.paginadoproduto.com.br/fonts/external/eicons.svg]
[crescimentocapilarsos.paginadoproduto.com.br/fonts/external/elementor-icons.min.css]
[i.ytimg.com/vi/ID/hqdefault.jpg]
[crescimentocapilarsos.paginadoproduto.com.br/Firefox.html]
[crescimentocapilarsos.paginadoproduto.com.br/a.html]
[crescimentocapilarsos.paginadoproduto.com.br/POST.html]
[crescimentocapilarsos.paginadoproduto.com.br/schema.org/index.html]
[crescimentocapilarsos.paginadoproduto.com.br/b.html]
[crescimentocapilarsos.paginadoproduto.com.br/d.html]
[crescimentocapilarsos.paginadoproduto.com.br/signals/iwl.html]
[crescimentocapilarsos.paginadoproduto.com.br/c.html]
[crescimentocapilarsos.paginadoproduto.com.br/c-2.html]
[crescimentocapilarsos.paginadoproduto.com.br/fonts/external/eicons.html]
[crescimentocapilarsos.paginadoproduto.com.br/schema.html]
[crescimentocapilarsos.paginadoproduto.com.br/schema.html]
