[lojaateliehomebr.com/collections/colecao-nova-lancamentos2dc1.html]
[cdn.utmify.com.br/scripts/utms/latest.js]
[size-charts-relentless.herokuapp.com/css/size-charts-relentless.css]
[lojaateliehomebr.com/cdn/shop/files/Prancheta_9_a11d1a6d-db9e-4197-a14c-0371b0be308d_96x96332c.png]
[backblue.gif]
[fade.gif]
[index.html]
[lojaateliehomebr.com/collections/colecao-nova-lancamentos.html]
[lojaateliehomebr.com/cdn/shop/t/2/assets/theme.min870b.css]
[lojaateliehomebr.com/cdn/shop/t/2/assets/vendor0f47.js]
[lojaateliehomebr.com/cdn/shop/t/2/assets/theme.min3264.js]
[cdnjs.cloudflare.com/ajax/libs/font-awesome/6.0.0-beta3/css/all.min.css]
[lojaateliehomebr.com/cdn/shop/t/2/assets/custom0e6e.js]
[lojaateliehomebr.com/collections/colecao-nova-lancamentos.atom]
[lojaateliehomebr.com/collections/colecao-nova-lancamentos4658.html]
[lojaateliehomebr.com/collections/colecao-nova-lancamentos.oembed]
[lojaateliehomebr.com/checkouts/internal/preloads4c33.js]
[cdn.shopify.com/shopifycloud/storefront-forms-hcaptcha/ce_storefront_forms_captcha_hcaptcha.v1.5.2.iife.js]
[lojaateliehomebr.com/cdn/shopifycloud/shopify/assets/storefront/load_feature-c354cc1bc6f1fafc3e06e39f4fb0e1d9abdf763072ca394d606ca9f6f241e68a.js]
[lojaateliehomebr.com/cdn/shopifycloud/portable-wallets/latest/portable-wallets.pt-br.js]
[lojaateliehomebr.com/cdn/shopifycloud/portable-wallets/latest/accelerated-checkout-backwards-compat.css]
[lojaateliehomebr.com/collections/POST]
[lojaateliehomebr.com/cdn/s/trekkie.storefront.7f48c99429cb25be36839f7a7bcca2ac8a69827d.min.js]
[lojaateliehomebr.com/cdn/shopifycloud/shopify/assets/shop_events_listener-b966a47fd0e23f25d41cf929bd8a50c9cc5344fafec4804f00937f2860a10097.js]
[lojaateliehomebr.com/cdn/shopifycloud/perf-kit/shopify-perf-kit-1.6.6.min.js]
[code.jquery.com/jquery-3.6.0.min.js]
[lojaateliehomebr.com/cdn/shop/files/Prancheta_8_0b3aca23-5a7a-4e3a-ba77-0c8b98f69da5_430x332c.png]
[lojaateliehomebr.com/collections/atelier-monopol.html]
[lojaateliehomebr.com/collections/atelier-savage.html]
[lojaateliehomebr.com/collections/porta-acessorios.html]
[lojaateliehomebr.com/collections/suporte-de-vinho.html]
[lojaateliehomebr.com/collections/all.html]
[lojaateliehomebr.com/cdn/shop/files/9aadf7cb1c69e8a4c4da3b2b1f5c34e0_794x7cd2.jpg]
[lojaateliehomebr.com/cdn/shop/files/e4f962676e1910ad4d62e78fef6041e7_1200x7cd2.jpg]
[lojaateliehomebr.com/cdn/shop/files/f795d87e339249fd182f2de9483065f9_1179xd58e.png]
[lojaateliehomebr.com/cdn/shop/files/489362848_18382550938190272_1596540183520941779_n_1200xe9ee.png]
[lojaateliehomebr.com/cdn/shop/files/3e890f8f1e30cb44d15d9153c12a7a6f_583db8e8-68e5-4f7a-b45d-403fc79653e3_1200x59e2.jpg]
[lojaateliehomebr.com/cdn/shop/files/b1c2a9e8d04b2f4c6439fa7497964204_99de138e-2079-49ba-8dd5-c7258861be5c_794x29bb.jpg]
[lojaateliehomebr.com/cdn/shop/files/c7e535daf20664172126ff3e7f0137e2_1200x0943.png]
[lojaateliehomebr.com/cdn/shop/files/0dcede28cdc5a3479218842e4e1f9082_1200x0943.png]
[lojaateliehomebr.com/cdn/shop/files/c3eaeba0f17251e6e598a0cca39055c8_800x8f94.jpg]
[lojaateliehomebr.com/cdn/shop/files/ba5851d2bfe3c8af4cad35123fb25b44_640x8f94.png]
[lojaateliehomebr.com/cdn/shop/files/7a46a44f84a88bdb881bfab1c5414cb7_1000x2c18.jpg]
[lojaateliehomebr.com/cdn/shop/files/0bceecc0c84159dfb04c51e8ddcda2bf_1000x2c18.jpg]
[lojaateliehomebr.com/cdn/shop/files/697fc94b2c902ad4c8c21fbcf21a080c_1200x25d1.png]
[lojaateliehomebr.com/cdn/shop/files/1092277af40a2db3106e87663f4ca96d_1200x25d1.png]
[lojaateliehomebr.com/cdn/shop/files/ba00225068bdd8e4355e8c54f562895a_1000x87da.jpg]
[lojaateliehomebr.com/cdn/shop/files/3c78cd73c4cc9825534d9d3271d62f9a_1000x87da.jpg]
[lojaateliehomebr.com/cdn/shop/files/6607441ea6f5af1d45c254e31edb35f1_800x7bb6.jpg]
[lojaateliehomebr.com/cdn/shop/files/882d22570713ec21dbb9c70261af2f57_800xeb1a.jpg]
[lojaateliehomebr.com/cdn/shop/files/b0c97ba6d729faa7c3bec932a188dd28_1200x27fc.jpg]
[lojaateliehomebr.com/cdn/shop/files/28ae7835bd1be2e7d6281c6a41e4119f_794x27fc.jpg]
[lojaateliehomebr.com/cdn/shop/files/e25997fa1c5d21594f12365fc1a14997_559x7f99.jpg]
[lojaateliehomebr.com/cdn/shop/files/7180835a67c843b66595ea82d51a3a48_1200x3f59.jpg]
[lojaateliehomebr.com/cdn/shop/files/49dde9c79299b4c0791b7ac7a05efed6_1200x9617.jpg]
[lojaateliehomebr.com/cdn/shop/files/2140af41d1885902b2e7ce41b47ec2b5_1200x9617.jpg]
[lojaateliehomebr.com/cdn/shop/files/a56debe14f6146a60ce3be87d0f416e0_950x5dae.jpg]
[lojaateliehomebr.com/cdn/shop/files/d54288339053b1903ded5e20a6c930f1_950x5dae.jpg]
[lojaateliehomebr.com/cdn/shop/files/b2374e142e8c0f1d01ad2fbef11a9c0d_794xe3c6.png]
[lojaateliehomebr.com/cdn/shop/files/13054b9037b82974a0cec44a78548fc4_794xe3c6.png]
[lojaateliehomebr.com/cdn/shop/files/2618ccdf815c9346ef82c1f5d10abce1_1200x6095.png]
[lojaateliehomebr.com/cdn/shop/files/e66b727fda60941303078e0600b552a5_1200x6095.png]
[lojaateliehomebr.com/cdn/shop/files/5df42d8e5280e9916e82896a846c6b75_794x8dc0.jpg]
[lojaateliehomebr.com/cdn/shop/files/8293526eff0b30880c8cbf1c6fc04a31_794x8dc0.jpg]
[lojaateliehomebr.com/cdn/shop/files/194ba0d52e4cadc29deadb577cc4f2c9_800x99a6.jpg]
[lojaateliehomebr.com/cdn/shop/files/b89782758ef8373937b05ff55e3b327a_590x99a6.jpg]
[lojaateliehomebr.com/cdn/shop/files/0d894935473f418ad10dfb6ce57dce86_800xe3a0.jpg]
[lojaateliehomebr.com/cdn/shop/files/9acfa92a3d34b7f38c1d35223bfd3943_800xe3a0.jpg]
[lojaateliehomebr.com/cdn/shop/files/c15996202f6da447fd7a1dc90afcb13c_800x6acf.jpg]
[lojaateliehomebr.com/cdn/shop/files/fb8018d582ee706217fcc32485934249_800x6acf.jpg]
[lojaateliehomebr.com/cdn/shop/files/0e6c23a4f98e59f4d5c29ff857bb22b4_1200xb474.jpg]
[lojaateliehomebr.com/cdn/shop/files/cfab4f18f9c9807fe5582e5e606dc362_1200xb474.jpg]
[lojaateliehomebr.com/cdn/shop/files/83e154cf6486e47b5a2510431929f328_800x682f.jpg]
[lojaateliehomebr.com/cdn/shop/files/8dfefe7b157bc2f96e0c22821dbe3d2d_800x682f.jpg]
[lojaateliehomebr.com/cdn/shop/files/1fa02c7c8c2827ff4b3a143f8a3546bf_1000xe0d6.jpg]
[lojaateliehomebr.com/cdn/shop/files/b8c9cb08b96647cbeebe1032ee9a7286_1000xe0d6.jpg]
[lojaateliehomebr.com/cdn/shop/files/368f39c3ae0393835c5ce7b561605317_1200xeb86.jpg]
[lojaateliehomebr.com/cdn/shop/files/7e90453f24a0bdb0c60d5b6d320ba408_1200xeb86.png]
[lojaateliehomebr.com/cdn/shop/files/d57ce5eaa95e7aae46f6d54e29628cb7_1200x491c.png]
[lojaateliehomebr.com/cdn/shop/files/0f4333382b9ff446c092a271c395b5dd_1200x491c.png]
[lojaateliehomebr.com/cdn/shop/files/d89235221f76c00f8d94e65361ac45ab_1000x6a56.jpg]
[lojaateliehomebr.com/cdn/shop/files/a250348af993fc2bcdc363c6fd04322d_750x6a56.jpg]
[lojaateliehomebr.com/cdn/shop/files/aae510b1370bbcc9100f88138ed2c197_800xee86.jpg]
[lojaateliehomebr.com/cdn/shop/files/ffcce2c59cf9c16bc98468defe749486_800x088b.jpg]
[lojaateliehomebr.com/cdn/shop/files/ef4b0d8f04e5d98f3e2f7fbddb96e639_800x6e57.jpg]
[lojaateliehomebr.com/cdn/shop/files/7e543334ae9f4705f19c98053cbf5c50_800x6e57.jpg]
[lojaateliehomebr.com/cdn/shop/files/d13117e18bd86b03380ee5a744049d85_800xbfae.jpg]
[lojaateliehomebr.com/cdn/shop/files/4c42ae84cafa7fef462dcce615dd7beb_800xbfae.jpg]
[lojaateliehomebr.com/collections/colecao-nova-lancamentos62ae.html]
[lojaateliehomebr.com/collections/colecao-nova-lancamentos9ba9.html]
[unpkg.com/ionicons@5.5.2/dist/ionicons/ionicons.esm.js]
[unpkg.com/ionicons@5.5.2/dist/ionicons/ionicons.js]
[lojaateliehomebr.com/cart/clear177b.js]
[lojaateliehomebr.com/collections/GET]
[lojaateliehomebr.com/collections/url]
[lojaateliehomebr.com/collections/window.location.href]
[lojaateliehomebr.com/collections/colecao-nova-lancamentos2dc1.html]
[size-charts-relentless.herokuapp.com/img/ruler1.png]
[size-charts-relentless.herokuapp.com/img/ruler2.png]
[size-charts-relentless.herokuapp.com/img/ruler3.png]
[size-charts-relentless.herokuapp.com/img/ruler4.png]
[size-charts-relentless.herokuapp.com/img/protractor.png]
[size-charts-relentless.herokuapp.com/img/arrows1.png]
[size-charts-relentless.herokuapp.com/img/arrows2.png]
[size-charts-relentless.herokuapp.com/css/size-charts-relentless.css]
[lojaateliehomebr.com/collections/colecao-nova-lancamentos.html]
[lojaateliehomebr.com/cdn/shop/t/2/assets/theme.min870b.css]
[cdnjs.cloudflare.com/ajax/libs/font-awesome/6.0.0-beta3/css/all.min.css]
[lojaateliehomebr.com/collections/colecao-nova-lancamentos2679.html]
[lojaateliehomebr.com/collections/colecao-nova-lancamentos4658.oembed]
[lojaateliehomebr.com/cdn/shop/files/a99f4f7b60b53fe0c82a37f32d9241d6_800x0579.jpg]
[lojaateliehomebr.com/cdn/shop/files/9bea9ae0349413ab274b68641c282e89_800x0579.jpg]
[lojaateliehomebr.com/cdn/shop/files/f8911724dec0a8b308d3dbb2bcb4851e_800x1d00.jpg]
[lojaateliehomebr.com/cdn/shop/files/31d6545adeefc48cc72595848b724070_800x1d00.jpg]
[lojaateliehomebr.com/cdn/shop/files/421c960ac96ab426852180d5eb74f36e_750x1c80.jpg]
[lojaateliehomebr.com/cdn/shop/files/500a6c55e8801cf6cda011585d834c3e_800x1c80.jpg]
[lojaateliehomebr.com/cdn/shop/files/50248ba65c145ef714aec20e7cc00f56_800x3efb.jpg]
[lojaateliehomebr.com/cdn/shop/files/294b944267b7abc57e7e2c2fd0f89c02_800x3efb.jpg]
[lojaateliehomebr.com/cdn/shop/files/5dfb481a980c8b7798b6fe071f0ff71e_1200x1574.jpg]
[lojaateliehomebr.com/cdn/shop/files/9e4011a1a54d77c582cbfe06d74973b6_1200x1574.jpg]
[lojaateliehomebr.com/cdn/shop/files/a824864bdeaafe8be86f22ee34f7002b_800x64fe.jpg]
[lojaateliehomebr.com/cdn/shop/files/571b5c7a6f1d9b5a3f0e9007ea3baf42_800x64fe.jpg]
[lojaateliehomebr.com/cdn/shop/files/93e9d0b0ba537c71f40d5a51a2adf317_800x576e.jpg]
[lojaateliehomebr.com/cdn/shop/files/3b96069cccbb8d3859bc5a471c733815_800x576e.jpg]
[lojaateliehomebr.com/cdn/shop/files/d15d7b7ef573852c830db8385a69b735_1200x1851.jpg]
[lojaateliehomebr.com/cdn/shop/files/3d7623c740c07a3a019778d34e1a4de2_1200x1851.jpg]
[lojaateliehomebr.com/cdn/shop/files/19360bfc95cd62422e06a3923675617b_1200x25d1.jpg]
[lojaateliehomebr.com/cdn/shop/files/541fab2c423a1c9d78161340c6b62832_794x25d1.jpg]
[lojaateliehomebr.com/cdn/shop/files/cc730a98a0d210c7e080e8ab54662eee_1200x3fc3.png]
[lojaateliehomebr.com/cdn/shop/files/485e0c86e3142dca3f91cc90d5311c76_794xd9f5.png]
[lojaateliehomebr.com/cdn/shop/files/65c14cdf07069b387de644a8c746cc1c_794xd9f5.png]
[lojaateliehomebr.com/cdn/shop/files/0936de4bb594f587840b181bac02b1b9_1200x4ad4.jpg]
[lojaateliehomebr.com/cdn/shop/files/48c416abddd3bcaf2ba6ced3e4f3a0fc_1200x4ad4.jpg]
[lojaateliehomebr.com/cdn/shop/files/b1c7349b84fbd02d6e5beeaaaa3d432a_800x2295.jpg]
[lojaateliehomebr.com/cdn/shop/files/700ac0eb56b04cb81337ee37c2093018_800x2295.jpg]
[lojaateliehomebr.com/cdn/shop/files/3e43caac11276bfe20a6380fb61d2d7a_800x048d.jpg]
[lojaateliehomebr.com/cdn/shop/files/b28e070c788d16268d0e25c980f18092_800x048d.jpg]
[lojaateliehomebr.com/cdn/shop/files/f27aeb445804741cf95d4f0c8c1c700e_800x5041.jpg]
[lojaateliehomebr.com/cdn/shop/files/b1c06f4dcfdc6a407862bc378c248661_800x5041.jpg]
[lojaateliehomebr.com/cdn/shop/files/1dfcc6c78c8c3272b57bb957ef37e5a9_800x9718.jpg]
[lojaateliehomebr.com/cdn/shop/files/da984a34004e6c02f67817de4473fd4a_800x9718.jpg]
[lojaateliehomebr.com/cdn/shop/files/dbf2a10c5b7015c977bc91f29061843e_800x8a5d.jpg]
[lojaateliehomebr.com/cdn/shop/files/71236c7bce2509ad5f8aa0e641cb68ff_800x8a5d.jpg]
[lojaateliehomebr.com/cdn/shop/files/d0b980cbe3444aece2ae41b0e5ef63a3_800xd2fb.jpg]
[lojaateliehomebr.com/cdn/shop/files/7641bdef469ef063efccc5b61b321498_800xd2fb.jpg]
[lojaateliehomebr.com/cdn/shop/files/f1180ef79023fc2db3726c2dfc626fc0_800x54a1.jpg]
[lojaateliehomebr.com/cdn/shop/files/cf163e939d6cdba4e20e0ca9bddbfd83_800x54a1.jpg]
[lojaateliehomebr.com/cdn/shop/files/7c154d8e89b9307d5e1f65115e38170c_800x1633.jpg]
[lojaateliehomebr.com/cdn/shop/files/5c1ed6e0d98705be42a795de33079669_800x1633.jpg]
[lojaateliehomebr.com/cdn/shop/files/e0360361ace41fefe1d8fcf61381761d_800xcab8.jpg]
[lojaateliehomebr.com/cdn/shop/files/12a02ebab2dd4f49fb1ff8c3e23e7acd_800xcab8.jpg]
[lojaateliehomebr.com/cdn/shop/files/9a7706cf60578c43d2e0104d86e22474_800x33c0.jpg]
[lojaateliehomebr.com/cdn/shop/files/aa4969bd7efcaf52b573d47015ec44f2_800x33c0.jpg]
[lojaateliehomebr.com/cdn/shop/files/1711c59ed743712166a1808bfd9a5968_800xdcaf.jpg]
[lojaateliehomebr.com/cdn/shop/files/00c4b19b6436647aa9380f4ee1d9b1d3_732xdcaf.png]
[lojaateliehomebr.com/cdn/shop/files/c70c443a9bd66f3c5df8bbfad4b8a069_800xa8d1.jpg]
[lojaateliehomebr.com/cdn/shop/files/45f27b9fe768d0774be8cc9cb870f29b_800xa8d1.jpg]
[lojaateliehomebr.com/cdn/shop/files/5eb472533e7dd1695420701a4f72ebdf_640xfc83.jpg]
[lojaateliehomebr.com/cdn/shop/files/6297e7855c4960ea0394ee688a170019_800xfc83.jpg]
[lojaateliehomebr.com/cdn/shop/files/dc76ccda41187df94045b3b9476e0266_1000xc2c1.jpg]
[lojaateliehomebr.com/cdn/shop/files/791c4787fdf18f73f116a1d85da47a3d_640xc2c1.jpg]
[lojaateliehomebr.com/cdn/shop/files/4e57b562141093e099ef5509a5895b6f_1200x90fa.jpg]
[lojaateliehomebr.com/cdn/shop/files/6072094db83d22ec592b87e9742078b8_1200x90fa.jpg]
[lojaateliehomebr.com/collections/colecao-nova-lancamentos4e1f.html]
[lojaateliehomebr.com/collections/colecao-nova-lancamentos4658.html]
[lojaateliehomebr.com/cdn/shopifycloud/portable-wallets/latest/accelerated-checkout-backwards-compat.css]
[lojaateliehomebr.com/collections/POST.html]
[lojaateliehomebr.com/collections/colecao-nova-lancamentosf6e1.html]
[lojaateliehomebr.com/collections/atelier-monopol.atom]
[lojaateliehomebr.com/collections/atelier-monopol.oembed]
[lojaateliehomebr.com/cdn/shop/files/78344c14d7656dbbff3ec9eb34c9a620_448x8e5f.jpg]
[lojaateliehomebr.com/cdn/shop/files/35870f660f6ccec16a0ed9c501e5aa1e_1200x3f57.jpg]
[lojaateliehomebr.com/collections/atelier-monopol.html]
[lojaateliehomebr.com/collections/atelier-savage.atom]
[lojaateliehomebr.com/collections/atelier-savage4658.html]
[lojaateliehomebr.com/collections/atelier-savage.oembed]
[lojaateliehomebr.com/cdn/shop/files/aaf5437e5b67089cc3d2d7449c231d25_800x6372.jpg]
[lojaateliehomebr.com/cdn/shop/files/4dca436a6ac2ca13deb22e4082076917_800x6372.jpg]
[lojaateliehomebr.com/cdn/shop/files/85a8651e478ac406a65d332219ab8831_800x7df7.jpg]
[lojaateliehomebr.com/cdn/shop/files/6d3f17ba3f9c41fa3fe6a02ad12a6d85_800x7df7.jpg]
[lojaateliehomebr.com/collections/atelier-savage.html]
[lojaateliehomebr.com/collections/atelier-savage9e9c.html]
[lojaateliehomebr.com/collections/porta-acessorios.atom]
[lojaateliehomebr.com/collections/porta-acessorios.oembed]
[lojaateliehomebr.com/collections/porta-acessorios.html]
[lojaateliehomebr.com/collections/suporte-de-vinho.atom]
[lojaateliehomebr.com/collections/suporte-de-vinho.oembed]
[lojaateliehomebr.com/collections/suporte-de-vinho.html]
[lojaateliehomebr.com/collections/all.atom]
[lojaateliehomebr.com/collections/all4658.html]
[lojaateliehomebr.com/collections/allabdd.html]
[lojaateliehomebr.com/collections/all.html]
[lojaateliehomebr.com/collections/colecao-nova-lancamentos62ae.html]
[lojaateliehomebr.com/collections/all9ba9.html]
[lojaateliehomebr.com/collections/colecao-nova-lancamentos9ba9.oembed]
[lojaateliehomebr.com/collections/colecao-nova-lancamentos9ba9.html]
[lojaateliehomebr.com/collections/GET.html]
[lojaateliehomebr.com/collections/url.html]
[lojaateliehomebr.com/collections/window.location.href]
[lojaateliehomebr.com/collections/colecao-nova-lancamentosfeb9.html]
[lojaateliehomebr.com/collections/colecao-nova-lancamentos2679.html]
[lojaateliehomebr.com/collections/colecao-nova-lancamentos4e1f.html]
[lojaateliehomebr.com/collections/colecao-nova-lancamentosf6e1.html]
[lojaateliehomebr.com/collections/colecao-nova-lancamentosf795.html]
[lojaateliehomebr.com/collections/atelier-savage2679.html]
[lojaateliehomebr.com/collections/atelier-savage4658.oembed]
[lojaateliehomebr.com/collections/atelier-savage4658.html]
[lojaateliehomebr.com/collections/atelier-savage9e9c.html]
[lojaateliehomebr.com/collections/atelier-savage1962.html]
[lojaateliehomebr.com/collections/all2679.html]
[lojaateliehomebr.com/collections/all4658.html]
[lojaateliehomebr.com/collections/allabdd.html]
[lojaateliehomebr.com/collections/all98ef.html]
[lojaateliehomebr.com/collections/alleab6.html]
[lojaateliehomebr.com/collections/all9ba9.html]
[lojaateliehomebr.com/collections/colecao-nova-lancamentosfeb9.html]
[lojaateliehomebr.com/collections/colecao-nova-lancamentosf795.html]
[lojaateliehomebr.com/collections/atelier-savage2679.html]
[lojaateliehomebr.com/collections/atelier-savage1962.html]
[lojaateliehomebr.com/collections/all2679.html]
[lojaateliehomebr.com/collections/all98ef.html]
[lojaateliehomebr.com/collections/alleab6.html]
[lojaateliehomebr.com/collections/alle4a9.html]
[lojaateliehomebr.com/collections/alle4a9.html]
